// Jest Snapshot v1, https://goo.gl/fbAQLP

exports[`renders correctly 1`] = `
<div
  className="container d-flex justify-content-center my-5 py-2"
>
  <h4>
    A Plus Automobile Garage
  </h4>
</div>
`;
