// Jest Snapshot v1, https://goo.gl/fbAQLP

exports[`renders correctly 1`] = `
<article
  className="part my-3 align-items-center row bg-white mx-1 py-2 "
>
  <figure
    className=" col-4 d-flex flex-column"
  >
    <h3>
      
    </h3>
    <img
      alt=""
      className="img"
    />
  </figure>
  <div
    className="col-8 d-flex justify-content-between align-items-center"
  >
    <div
      className="d-flex col-8 flex-column justify-content-center align-items-start"
    >
      <h6 />
      <p
        className=""
      >
        <span
          className="d-block"
        >
           
          days left!
        </span>
        <button
          className="btn btn-info"
          onClick={[Function]}
          type="submit"
        >
          Track
        </button>
      </p>
    </div>
    <div
      className="d-flex col-4 flex-column justify-content-end align-items-start"
      style={
        Object {
          "height": "64px",
          "width": "64px",
        }
      }
    >
      <svg
        className="CircularProgressbar "
        data-test-id="CircularProgressbar"
        style={Object {}}
        viewBox="0 0 100 100"
      >
        <path
          className="CircularProgressbar-trail"
          d="
      M 50,50
      m 0,-46
      a 46,46 0 1 1 0,92
      a 46,46 0 1 1 0,-92
    "
          fillOpacity={0}
          strokeWidth={8}
          style={
            Object {
              "strokeDasharray": "289.02652413026095px 289.02652413026095px",
              "strokeDashoffset": "0px",
            }
          }
        />
        <path
          className="CircularProgressbar-path"
          d="
      M 50,50
      m 0,-46
      a 46,46 0 1 1 0,92
      a 46,46 0 1 1 0,-92
    "
          fillOpacity={0}
          strokeWidth={8}
          style={
            Object {
              "strokeDasharray": "289.02652413026095px 289.02652413026095px",
              "strokeDashoffset": "NaNpx",
            }
          }
        />
        <text
          className="CircularProgressbar-text"
          style={Object {}}
          x={50}
          y={50}
        >
          undefined%
        </text>
      </svg>
    </div>
  </div>
</article>
`;
